bun : $ tsc --noEmit
At line:1 char:1
+ bun run type-check > 
errors.txt 2>&1
+ ~~~~~~~~~~~~~~~~~~~~~~~~~~~~~~~
~~~~~
    + CategoryInfo          : No 
   tSpecified: ($ tsc --noEmit:  
  String) [], RemoteException
    + FullyQualifiedErrorId : Na 
   tiveCommandError
 
lib/__tests__/admin-user-actions.test.ts(1,36): error TS6133: 'beforeEach' is declared but its value is never read.
lib/events/event-types.ts(5,31): error TS6196: 'User' is declared but never used.
lib/events/listeners/index.ts(5,10): error TS6133: 'onEvent' is declared but its value is never read.
lib/events/listeners/index.ts(76,21): error TS6133: 'reason' is declared but its value is never read.
lib/events/listeners/index.ts(76,29): error TS6133: 'suspendedUntil' is declared but its value is never read.
error: script "type-check" 
exited with code 1
