TEST SUMMARY REPORT
===================

VITEST RESULTS (Unit Tests)
---------------------------

Suite: admin-user-actions.test.ts
  [PASS] creates user if not exists (5.495800000000145ms)
  [PASS] updates existing user (0.929700000000139ms)
  [PASS] creates audit log on success (0.5583999999998923ms)
  [PASS] creates notification for user (0.6703999999999724ms)
  [PASS] creates warning record for non-active status (0.6442999999999302ms)
  [PASS] auto-bans when suspension count reaches policy limit (1.2331999999996697ms)
  [PASS] does not create warning record when activating (0.40319999999974243ms)
  [PASS] logs failure on error (8.002199999999903ms)
  [PASS] throws when user not found (0.9639999999999418ms)
  [PASS] increments warning count when below policy threshold (0.8061999999999898ms)
  [PASS] creates warning record (0.5117000000000189ms)
  [PASS] notifies user (0.596599999999853ms)
  [PASS] auto-suspends for 7 days when warning count reaches 3 (25.146299999999883ms)
  [PASS] auto-bans when warning threshold is hit and user was suspended before (0.9517000000000735ms)

Suite: api-validation.test.ts
  [PASS] should validate valid input (3.305900000000065ms)
  [PASS] should reject invalid email (1.1024999999999636ms)
  [PASS] should reject missing required fields (1.6248000000000502ms)
  [PASS] should accept optional fields (0.6912999999999556ms)
  [PASS] should strip extra fields (0.5652000000000044ms)
  [PASS] should format errors with field paths (0.8994999999999891ms)
  [PASS] should handle nested field paths (0.6873999999997977ms)
  [PASS] should extract bearer token from header (0.8652999999999338ms)
  [PASS] should return null for missing header (0.3913000000000011ms)

Suite: auth.test.ts
  [PASS] should return true for student email (12 digits) (2.3290000000001783ms)
  [PASS] should return true for lecturer/staff email (letters) (0.31369999999992615ms)
  [PASS] should return false for non-RMU domain (0.4717000000000553ms)
  [PASS] should return false for empty string (0.22270000000003165ms)
  [PASS] should return false for email without @ (0.13649999999984175ms)
  [PASS] should return false for similar but wrong domain (0.1690000000000964ms)

Suite: cloudinary-url.test.ts
  [PASS] passes through non-cloudinary absolute URLs (0.9156000000000404ms)
  [PASS] passes through local public asset paths (0.1790000000000873ms)
  [PASS] injects auto optimization for legacy Cloudinary delivery URLs (0.16280000000006112ms)
  [PASS] does not transform absolute URL values in imagePublicIds (0.23469999999997526ms)

Suite: db.test.ts
  [PASS] should calculate hasMore correctly when items equal pageSize (1.283200000000079ms)
  [PASS] should calculate hasMore correctly when items less than pageSize (0.2337999999999738ms)
  [PASS] should chunk arrays correctly for Firestore in() limit (1.534199999999828ms)
  [PASS] should sanitize HTML in text input (0.5041999999998552ms)
  [PASS] should validate email format (0.46859999999992397ms)
  [PASS] should validate RMU email (student or staff @rmu.ac.th) (0.33189999999990505ms)
  [PASS] should track request counts correctly (1.8006000000000313ms)

Suite: exchange-state-machine.test.ts
  [PASS] maps legacy accepted to in_progress (1.4429999999999836ms)
  [PASS] keeps canonical statuses unchanged (0.31009999999992033ms)
  [PASS] allows pending -> in_progress (0.26320000000009713ms)
  [PASS] allows pending -> rejected (0.18450000000007094ms)
  [PASS] allows pending -> cancelled (0.15820000000007894ms)
  [PASS] keeps legacy accepted -> in_progress (0.10269999999991342ms)
  [PASS] allows in_progress -> completed (0.11860000000001492ms)
  [PASS] does not allow pending -> accepted anymore (0.12999999999988177ms)
  [PASS] does not allow skipping states (pending -> completed) (0.13809999999989486ms)
  [PASS] returns true for terminal statuses (0.22159999999985303ms)
  [PASS] returns false for active statuses (0.11419999999998254ms)
  [PASS] returns valid next statuses for pending (1.7276999999999134ms)
  [PASS] returns empty for terminal statuses (0.7947000000001481ms)
  [PASS] returns null for valid transition (0.23739999999997963ms)
  [PASS] returns null for same status (0.09740000000010696ms)
  [PASS] returns error message for invalid transition (0.1431999999999789ms)
  [PASS] returns error message for terminal state (0.08479999999985921ms)
  [PASS] allows owner to accept/reject pending exchange (0.4053999999998723ms)
  [PASS] allows requester to cancel pending exchange (0.2037000000000262ms)
  [PASS] allows both parties to cancel/confirm in_progress exchange (0.28510000000005675ms)
  [PASS] keeps legacy accepted behavior (0.20129999999994652ms)
  [PASS] has labels for all statuses (0.2620999999999185ms)
  [PASS] has transition map for all statuses (0.3529000000000906ms)

Suite: item-deletion.test.ts
  [PASS] throws when item is missing (2.232400000000098ms)
  [PASS] deletes item and cleans cloudinary resources (2.4984000000001743ms)

Suite: rate-limit.test.ts
  [PASS] should format seconds correctly (1.8938000000000557ms)
  [PASS] should format minutes correctly (0.3193999999998596ms)
  [PASS] should round up seconds (0.10379999999986467ms)
  [PASS] should record action and set cooldown (0.48469999999997526ms)
  [PASS] should return remaining cooldown correctly (0.4309000000000651ms)
  [PASS] should return 0 for unknown action (0.18489999999997053ms)
  [PASS] should return 0 for user without recorded action (0.2556999999999334ms)

Suite: report-service.test.ts
  [PASS] throws when reported user cannot be resolved (2.4950000000001182ms)
  [PASS] creates report and notifies admins (4.711999999999989ms)

Suite: security.test.ts
  [PASS] should escape HTML characters (1.43100000000004ms)
  [PASS] should handle empty input (0.2902999999998883ms)
  [PASS] should escape all dangerous characters (0.1957999999999629ms)
  [PASS] should trim whitespace (0.28520000000003165ms)
  [PASS] should remove null bytes (0.1753000000001066ms)
  [PASS] should remove control characters (0.10960000000000036ms)
  [PASS] should accept student email (12 digits) (0.22649999999998727ms)
  [PASS] should accept lecturer/staff email (letters) (0.22689999999988686ms)
  [PASS] should reject invalid formats (0.169399999999996ms)
  [PASS] should accept valid emails (0.34019999999986794ms)
  [PASS] should reject invalid emails (0.17799999999988358ms)
  [PASS] should truncate long strings (0.13400000000001455ms)
  [PASS] should not truncate short strings (0.07439999999996871ms)
  [PASS] should handle edge cases (0.12550000000010186ms)
  [PASS] should accept valid URLs (0.2794000000001233ms)
  [PASS] should reject dangerous protocols (0.11930000000006658ms)
  [PASS] should reject invalid URLs (0.14949999999998909ms)
  [PASS] should detect XSS patterns (0.4069999999999254ms)
  [PASS] should not flag normal text (0.15929999999980282ms)
  [PASS] should remove dangerous characters (0.189200000000028ms)
  [PASS] should limit length (0.09000000000014552ms)
  [PASS] should handle empty input (0.06439999999997781ms)
  [PASS] should generate ID of specified length (2.2472000000000207ms)
  [PASS] should only contain alphanumeric characters (0.2314000000001215ms)
  [PASS] should generate unique IDs (0.9855999999999767ms)
  [PASS] should validate integers in range (0.24489999999991596ms)
  [PASS] should reject values outside range (0.11089999999990141ms)
  [PASS] should reject non-integers (0.10220000000003893ms)
  [PASS] should sanitize nested strings (0.4418000000000575ms)
  [PASS] should sanitize arrays (0.9936999999999898ms)

Suite: utils.test.ts
  [PASS] should merge class names correctly (8.329700000000003ms)
  [PASS] should handle conditional classes (0.2821999999998752ms)
  [PASS] should handle undefined and null values (0.23890000000005784ms)
  [PASS] should handle empty strings (0.20499999999992724ms)
  [PASS] should merge Tailwind classes correctly (1.5242000000000644ms)
  [PASS] should handle arrays of classes (0.24420000000009168ms)
  [PASS] should handle objects for conditional classes (0.23700000000008004ms)

Suite: exchange-step-indicator.test.tsx
  [PASS] renders pending with no completed checkmarks (37.863200000000006ms)
  [PASS] renders in_progress with first step completed (13.549399999999878ms)
  [PASS] maps legacy accepted to in_progress visuals (10.3433ms)
  [PASS] renders completed with all steps checked (11.474099999999908ms)
  [PASS] shows waiting message while in_progress and one side confirmed (13.050200000000132ms)
  [PASS] hides waiting message when completed (8.550600000000031ms)

Suite: auth.test.ts
  [PASS] should accept student email (12 digits) (2.2373000000000047ms)
  [PASS] should accept lecturer/staff email (letters) (0.48910000000000764ms)
  [PASS] should reject non-RMU domain (0.7753999999999905ms)
  [PASS] should reject empty string (0.29129999999986467ms)
  [PASS] should accept domain case-insensitively (0.24059999999985848ms)
  [PASS] should validate password length >= 6 (1.753099999999904ms)
  [PASS] should require matching password confirmation (0.49949999999989814ms)
  [PASS] should require valid email format (0.77800000000002ms)

Suite: schemas-firestore.test.ts
  [PASS] parses Firebase Timestamp fields without throwing (2.7642000000000735ms)
  [PASS] returns fallback dates for malformed timestamp-like data instead of throwing (0.6615000000001601ms)

Suite: storage.test.ts
  [PASS] should accept valid JPEG image (2.1634999999998854ms)
  [PASS] should accept valid PNG image (0.4517000000000735ms)
  [PASS] should reject WebP image (only JPG/PNG allowed) (0.6436000000001059ms)
  [PASS] should reject GIF image (only JPG/PNG allowed) (0.6903999999999542ms)
  [PASS] should reject non-image files (0.5413999999998396ms)
  [PASS] should reject files larger than 10MB (0.4819999999999709ms)


FIRESTORE RULES RESULTS
-----------------------


PLAYWRIGHT RESULTS (E2E Tests)
------------------------------

File: api-security.spec.ts
  Group: API Security & Validation

File: dashboard.spec.ts
  Group: Dashboard Page (Public)
    [PASS] dashboard redirects to login or shows content (chromium) (6751ms)
    [PASS] should show login form if redirected (chromium) (6842ms)
    [PASS] dashboard redirects to login or shows content (firefox) (11806ms)
    [PASS] should show login form if redirected (firefox) (10541ms)
    [PASS] dashboard redirects to login or shows content (webkit) (2317ms)
    [PASS] should show login form if redirected (webkit) (2299ms)
    [PASS] dashboard redirects to login or shows content (Mobile Chrome) (7021ms)
    [PASS] should show login form if redirected (Mobile Chrome) (7171ms)
  Group: Basic Navigation
    [PASS] landing page loads (chromium) (2061ms)
    [PASS] login page loads (chromium) (1705ms)
    [PASS] register page loads (chromium) (1057ms)
    [PASS] landing page loads (firefox) (6398ms)
    [PASS] login page loads (firefox) (6492ms)
    [PASS] register page loads (firefox) (3645ms)
    [PASS] landing page loads (webkit) (1646ms)
    [PASS] login page loads (webkit) (1172ms)
    [PASS] register page loads (webkit) (1001ms)
    [PASS] landing page loads (Mobile Chrome) (2317ms)
    [PASS] login page loads (Mobile Chrome) (3905ms)
    [PASS] register page loads (Mobile Chrome) (2959ms)
  Group: Landing Page Content
    [PASS] should display hero section (chromium) (1406ms)
    [PASS] should have navigation links (chromium) (1515ms)
    [PASS] should have auth links in header (chromium) (1849ms)
    [PASS] should navigate to login page (chromium) (3097ms)
    [PASS] should navigate to register page (chromium) (4960ms)
    [PASS] should display hero section (firefox) (2683ms)
    [PASS] should have navigation links (firefox) (3862ms)
    [PASS] should have auth links in header (firefox) (4409ms)
    [PASS] should navigate to login page (firefox) (5988ms)
    [PASS] should navigate to register page (firefox) (6501ms)
    [PASS] should display hero section (webkit) (1139ms)
    [PASS] should have navigation links (webkit) (1712ms)
    [PASS] should have auth links in header (webkit) (1573ms)
    [SKIPPED] should navigate to login page (webkit) (507ms)
    [SKIPPED] should navigate to register page (webkit) (534ms)
    [PASS] should display hero section (Mobile Chrome) (1873ms)
    [PASS] should have navigation links (Mobile Chrome) (2776ms)
    [PASS] should have auth links in header (Mobile Chrome) (1890ms)
    [PASS] should navigate to login page (Mobile Chrome) (6006ms)
    [PASS] should navigate to register page (Mobile Chrome) (4415ms)
  Group: Auth Pages
    [PASS] login page has email and password fields (chromium) (2116ms)
    [PASS] register page has required fields (chromium) (1642ms)
    [PASS] login page has link to register (chromium) (1534ms)
    [PASS] register page has link to login (chromium) (1315ms)
    [PASS] login form accepts input (chromium) (1703ms)
    [PASS] register form accepts input (chromium) (2260ms)
    [PASS] login page has email and password fields (firefox) (4193ms)
    [PASS] register page has required fields (firefox) (3705ms)
    [PASS] login page has link to register (firefox) (4369ms)
    [PASS] register page has link to login (firefox) (3773ms)
    [PASS] login form accepts input (firefox) (3821ms)
    [PASS] register form accepts input (firefox) (3709ms)
    [PASS] login page has email and password fields (webkit) (1520ms)
    [PASS] register page has required fields (webkit) (1404ms)
    [PASS] login page has link to register (webkit) (1150ms)
    [PASS] register page has link to login (webkit) (1147ms)
    [PASS] login form accepts input (webkit) (1045ms)
    [PASS] register form accepts input (webkit) (1265ms)
    [PASS] login page has email and password fields (Mobile Chrome) (4504ms)
    [PASS] register page has required fields (Mobile Chrome) (4478ms)
    [PASS] login page has link to register (Mobile Chrome) (6431ms)
    [PASS] register page has link to login (Mobile Chrome) (4972ms)
    [PASS] login form accepts input (Mobile Chrome) (3972ms)
    [PASS] register form accepts input (Mobile Chrome) (5435ms)
