
Running 64 tests using 4 workers

[1A[2K[1/64] [chromium] ΓÇ║ e2e\dashboard.spec.ts:20:7 ΓÇ║ Dashboard Page (Public) ΓÇ║ should show login form if redirected
[1A[2K[2/64] [chromium] ΓÇ║ e2e\dashboard.spec.ts:7:7 ΓÇ║ Dashboard Page (Public) ΓÇ║ dashboard redirects to login or shows content
[1A[2K[3/64] [chromium] ΓÇ║ e2e\dashboard.spec.ts:34:7 ΓÇ║ Basic Navigation ΓÇ║ landing page loads
[1A[2K[4/64] [chromium] ΓÇ║ e2e\dashboard.spec.ts:43:7 ΓÇ║ Basic Navigation ΓÇ║ login page loads
[1A[2K[5/64] [chromium] ΓÇ║ e2e\dashboard.spec.ts:52:7 ΓÇ║ Basic Navigation ΓÇ║ register page loads
[1A[2K[6/64] [chromium] ΓÇ║ e2e\dashboard.spec.ts:63:7 ΓÇ║ Landing Page Content ΓÇ║ should display hero section
[1A[2K[7/64] [chromium] ΓÇ║ e2e\dashboard.spec.ts:75:7 ΓÇ║ Landing Page Content ΓÇ║ should have navigation links
[1A[2K[8/64] [chromium] ΓÇ║ e2e\dashboard.spec.ts:84:7 ΓÇ║ Landing Page Content ΓÇ║ should have auth links in header
[1A[2K[9/64] [chromium] ΓÇ║ e2e\dashboard.spec.ts:99:7 ΓÇ║ Landing Page Content ΓÇ║ should navigate to login page
[1A[2K[10/64] [chromium] ΓÇ║ e2e\dashboard.spec.ts:111:7 ΓÇ║ Landing Page Content ΓÇ║ should navigate to register page
[1A[2K[11/64] [chromium] ΓÇ║ e2e\dashboard.spec.ts:125:7 ΓÇ║ Auth Pages ΓÇ║ login page has email and password fields
[1A[2K[12/64] [chromium] ΓÇ║ e2e\dashboard.spec.ts:136:7 ΓÇ║ Auth Pages ΓÇ║ register page has required fields
[1A[2K[13/64] [chromium] ΓÇ║ e2e\dashboard.spec.ts:149:7 ΓÇ║ Auth Pages ΓÇ║ login page has link to register
[1A[2K[14/64] [chromium] ΓÇ║ e2e\dashboard.spec.ts:157:7 ΓÇ║ Auth Pages ΓÇ║ register page has link to login
[1A[2K[15/64] [chromium] ΓÇ║ e2e\dashboard.spec.ts:165:7 ΓÇ║ Auth Pages ΓÇ║ login form accepts input
[1A[2K[16/64] [chromium] ΓÇ║ e2e\dashboard.spec.ts:178:7 ΓÇ║ Auth Pages ΓÇ║ register form accepts input
[1A[2K[17/64] [firefox] ΓÇ║ e2e\dashboard.spec.ts:7:7 ΓÇ║ Dashboard Page (Public) ΓÇ║ dashboard redirects to login or shows content
[1A[2K[18/64] [firefox] ΓÇ║ e2e\dashboard.spec.ts:20:7 ΓÇ║ Dashboard Page (Public) ΓÇ║ should show login form if redirected
[1A[2K[19/64] [firefox] ΓÇ║ e2e\dashboard.spec.ts:34:7 ΓÇ║ Basic Navigation ΓÇ║ landing page loads
[1A[2K[20/64] [firefox] ΓÇ║ e2e\dashboard.spec.ts:43:7 ΓÇ║ Basic Navigation ΓÇ║ login page loads
[1A[2K[21/64] [firefox] ΓÇ║ e2e\dashboard.spec.ts:52:7 ΓÇ║ Basic Navigation ΓÇ║ register page loads
[1A[2K[22/64] [firefox] ΓÇ║ e2e\dashboard.spec.ts:63:7 ΓÇ║ Landing Page Content ΓÇ║ should display hero section
[1A[2K[23/64] [firefox] ΓÇ║ e2e\dashboard.spec.ts:75:7 ΓÇ║ Landing Page Content ΓÇ║ should have navigation links
[1A[2K[24/64] [firefox] ΓÇ║ e2e\dashboard.spec.ts:84:7 ΓÇ║ Landing Page Content ΓÇ║ should have auth links in header
[1A[2K[25/64] [firefox] ΓÇ║ e2e\dashboard.spec.ts:99:7 ΓÇ║ Landing Page Content ΓÇ║ should navigate to login page
[1A[2K[26/64] [firefox] ΓÇ║ e2e\dashboard.spec.ts:111:7 ΓÇ║ Landing Page Content ΓÇ║ should navigate to register page
[1A[2K[27/64] [firefox] ΓÇ║ e2e\dashboard.spec.ts:125:7 ΓÇ║ Auth Pages ΓÇ║ login page has email and password fields
[1A[2K[28/64] [firefox] ΓÇ║ e2e\dashboard.spec.ts:136:7 ΓÇ║ Auth Pages ΓÇ║ register page has required fields
[1A[2K[29/64] [firefox] ΓÇ║ e2e\dashboard.spec.ts:149:7 ΓÇ║ Auth Pages ΓÇ║ login page has link to register
[1A[2K[30/64] [firefox] ΓÇ║ e2e\dashboard.spec.ts:157:7 ΓÇ║ Auth Pages ΓÇ║ register page has link to login
[1A[2K[31/64] [firefox] ΓÇ║ e2e\dashboard.spec.ts:165:7 ΓÇ║ Auth Pages ΓÇ║ login form accepts input
[1A[2K[32/64] [firefox] ΓÇ║ e2e\dashboard.spec.ts:178:7 ΓÇ║ Auth Pages ΓÇ║ register form accepts input
[1A[2K[33/64] [webkit] ΓÇ║ e2e\dashboard.spec.ts:7:7 ΓÇ║ Dashboard Page (Public) ΓÇ║ dashboard redirects to login or shows content
[1A[2K[34/64] [webkit] ΓÇ║ e2e\dashboard.spec.ts:20:7 ΓÇ║ Dashboard Page (Public) ΓÇ║ should show login form if redirected
[1A[2K[35/64] [webkit] ΓÇ║ e2e\dashboard.spec.ts:34:7 ΓÇ║ Basic Navigation ΓÇ║ landing page loads
[1A[2K[36/64] [webkit] ΓÇ║ e2e\dashboard.spec.ts:43:7 ΓÇ║ Basic Navigation ΓÇ║ login page loads
[1A[2K[37/64] [webkit] ΓÇ║ e2e\dashboard.spec.ts:52:7 ΓÇ║ Basic Navigation ΓÇ║ register page loads
[1A[2K[38/64] [webkit] ΓÇ║ e2e\dashboard.spec.ts:63:7 ΓÇ║ Landing Page Content ΓÇ║ should display hero section
[1A[2K[39/64] [webkit] ΓÇ║ e2e\dashboard.spec.ts:75:7 ΓÇ║ Landing Page Content ΓÇ║ should have navigation links
[1A[2K[40/64] [webkit] ΓÇ║ e2e\dashboard.spec.ts:84:7 ΓÇ║ Landing Page Content ΓÇ║ should have auth links in header
[1A[2K[41/64] [webkit] ΓÇ║ e2e\dashboard.spec.ts:99:7 ΓÇ║ Landing Page Content ΓÇ║ should navigate to login page
[1A[2K[42/64] [webkit] ΓÇ║ e2e\dashboard.spec.ts:111:7 ΓÇ║ Landing Page Content ΓÇ║ should navigate to register page
[1A[2K[43/64] [webkit] ΓÇ║ e2e\dashboard.spec.ts:125:7 ΓÇ║ Auth Pages ΓÇ║ login page has email and password fields
[1A[2K[44/64] [webkit] ΓÇ║ e2e\dashboard.spec.ts:136:7 ΓÇ║ Auth Pages ΓÇ║ register page has required fields
[1A[2K[45/64] [webkit] ΓÇ║ e2e\dashboard.spec.ts:149:7 ΓÇ║ Auth Pages ΓÇ║ login page has link to register
[1A[2K[46/64] [webkit] ΓÇ║ e2e\dashboard.spec.ts:157:7 ΓÇ║ Auth Pages ΓÇ║ register page has link to login
[1A[2K[47/64] [webkit] ΓÇ║ e2e\dashboard.spec.ts:165:7 ΓÇ║ Auth Pages ΓÇ║ login form accepts input
[1A[2K[48/64] [webkit] ΓÇ║ e2e\dashboard.spec.ts:178:7 ΓÇ║ Auth Pages ΓÇ║ register form accepts input
[1A[2K[49/64] [Mobile Chrome] ΓÇ║ e2e\dashboard.spec.ts:7:7 ΓÇ║ Dashboard Page (Public) ΓÇ║ dashboard redirects to login or shows content
[1A[2K[50/64] [Mobile Chrome] ΓÇ║ e2e\dashboard.spec.ts:20:7 ΓÇ║ Dashboard Page (Public) ΓÇ║ should show login form if redirected
[1A[2K  1) [webkit] ΓÇ║ e2e\dashboard.spec.ts:99:7 ΓÇ║ Landing Page Content ΓÇ║ should navigate to login page ΓöÇΓöÇ

    Error: [2mexpect([22m[31mpage[39m[2m).[22mtoHaveURL[2m([22m[32mexpected[39m[2m)[22m failed

    Expected pattern: [32m/\/login/[39m
    Received string:  [31m"http://localhost:3000/"[39m
    Timeout: 5000ms

    Call log:
    [2m  - Expect "toHaveURL" with timeout 5000ms[22m
    [2m    9 ├ù unexpected value "http://localhost:3000/"[22m


      105 |     if (await loginLink.isVisible()) {
      106 |       await loginLink.click()
    > 107 |       await expect(page).toHaveURL(/\/login/)
          |                          ^
      108 |     }
      109 |   })
      110 |
        at D:\RMU-Campus X\e2e\dashboard.spec.ts:107:26

    attachment #1: screenshot (image/png) ΓöÇΓöÇΓöÇΓöÇΓöÇΓöÇΓöÇΓöÇΓöÇΓöÇΓöÇΓöÇΓöÇΓöÇΓöÇΓöÇΓöÇΓöÇΓöÇΓöÇΓöÇΓöÇΓöÇΓöÇΓöÇΓöÇΓöÇΓöÇΓöÇΓöÇΓöÇΓöÇΓöÇΓöÇΓöÇΓöÇΓöÇΓöÇΓöÇΓöÇΓöÇΓöÇΓöÇΓöÇΓöÇΓöÇΓöÇΓöÇΓöÇΓöÇΓöÇΓöÇΓöÇΓöÇΓöÇΓöÇΓöÇΓöÇ
    test-results\dashboard-Landing-Page-Content-should-navigate-to-login-page-webkit\test-failed-1.png
    ΓöÇΓöÇΓöÇΓöÇΓöÇΓöÇΓöÇΓöÇΓöÇΓöÇΓöÇΓöÇΓöÇΓöÇΓöÇΓöÇΓöÇΓöÇΓöÇΓöÇΓöÇΓöÇΓöÇΓöÇΓöÇΓöÇΓöÇΓöÇΓöÇΓöÇΓöÇΓöÇΓöÇΓöÇΓöÇΓöÇΓöÇΓöÇΓöÇΓöÇΓöÇΓöÇΓöÇΓöÇΓöÇΓöÇΓöÇΓöÇΓöÇΓöÇΓöÇΓöÇΓöÇΓöÇΓöÇΓöÇΓöÇΓöÇΓöÇΓöÇΓöÇΓöÇΓöÇΓöÇΓöÇΓöÇΓöÇΓöÇΓöÇΓöÇΓöÇΓöÇΓöÇΓöÇΓöÇΓöÇΓöÇΓöÇΓöÇΓöÇΓöÇΓöÇΓöÇΓöÇΓöÇΓöÇΓöÇΓöÇΓöÇΓöÇΓöÇΓöÇΓöÇΓöÇΓöÇΓöÇ

    Error Context: test-results\dashboard-Landing-Page-Content-should-navigate-to-login-page-webkit\error-context.md


[1A[2K  2) [webkit] ΓÇ║ e2e\dashboard.spec.ts:111:7 ΓÇ║ Landing Page Content ΓÇ║ should navigate to register page 

    Error: [2mexpect([22m[31mpage[39m[2m).[22mtoHaveURL[2m([22m[32mexpected[39m[2m)[22m failed

    Expected pattern: [32m/\/register/[39m
    Received string:  [31m"http://localhost:3000/"[39m
    Timeout: 5000ms

    Call log:
    [2m  - Expect "toHaveURL" with timeout 5000ms[22m
    [2m    8 ├ù unexpected value "http://localhost:3000/"[22m


      117 |     if (await registerLink.isVisible()) {
      118 |       await registerLink.click()
    > 119 |       await expect(page).toHaveURL(/\/register/)
          |                          ^
      120 |     }
      121 |   })
      122 | })
        at D:\RMU-Campus X\e2e\dashboard.spec.ts:119:26

    attachment #1: screenshot (image/png) ΓöÇΓöÇΓöÇΓöÇΓöÇΓöÇΓöÇΓöÇΓöÇΓöÇΓöÇΓöÇΓöÇΓöÇΓöÇΓöÇΓöÇΓöÇΓöÇΓöÇΓöÇΓöÇΓöÇΓöÇΓöÇΓöÇΓöÇΓöÇΓöÇΓöÇΓöÇΓöÇΓöÇΓöÇΓöÇΓöÇΓöÇΓöÇΓöÇΓöÇΓöÇΓöÇΓöÇΓöÇΓöÇΓöÇΓöÇΓöÇΓöÇΓöÇΓöÇΓöÇΓöÇΓöÇΓöÇΓöÇΓöÇΓöÇ
    test-results\dashboard-Landing-Page-Con-81355-d-navigate-to-register-page-webkit\test-failed-1.png
    ΓöÇΓöÇΓöÇΓöÇΓöÇΓöÇΓöÇΓöÇΓöÇΓöÇΓöÇΓöÇΓöÇΓöÇΓöÇΓöÇΓöÇΓöÇΓöÇΓöÇΓöÇΓöÇΓöÇΓöÇΓöÇΓöÇΓöÇΓöÇΓöÇΓöÇΓöÇΓöÇΓöÇΓöÇΓöÇΓöÇΓöÇΓöÇΓöÇΓöÇΓöÇΓöÇΓöÇΓöÇΓöÇΓöÇΓöÇΓöÇΓöÇΓöÇΓöÇΓöÇΓöÇΓöÇΓöÇΓöÇΓöÇΓöÇΓöÇΓöÇΓöÇΓöÇΓöÇΓöÇΓöÇΓöÇΓöÇΓöÇΓöÇΓöÇΓöÇΓöÇΓöÇΓöÇΓöÇΓöÇΓöÇΓöÇΓöÇΓöÇΓöÇΓöÇΓöÇΓöÇΓöÇΓöÇΓöÇΓöÇΓöÇΓöÇΓöÇΓöÇΓöÇΓöÇΓöÇΓöÇ

    Error Context: test-results\dashboard-Landing-Page-Con-81355-d-navigate-to-register-page-webkit\error-context.md


[1A[2K[51/64] [Mobile Chrome] ΓÇ║ e2e\dashboard.spec.ts:34:7 ΓÇ║ Basic Navigation ΓÇ║ landing page loads
[1A[2K[52/64] [Mobile Chrome] ΓÇ║ e2e\dashboard.spec.ts:52:7 ΓÇ║ Basic Navigation ΓÇ║ register page loads
[1A[2K[53/64] [Mobile Chrome] ΓÇ║ e2e\dashboard.spec.ts:63:7 ΓÇ║ Landing Page Content ΓÇ║ should display hero section
[1A[2K[54/64] [Mobile Chrome] ΓÇ║ e2e\dashboard.spec.ts:43:7 ΓÇ║ Basic Navigation ΓÇ║ login page loads
[1A[2K[55/64] [Mobile Chrome] ΓÇ║ e2e\dashboard.spec.ts:75:7 ΓÇ║ Landing Page Content ΓÇ║ should have navigation links
[1A[2K[56/64] [Mobile Chrome] ΓÇ║ e2e\dashboard.spec.ts:84:7 ΓÇ║ Landing Page Content ΓÇ║ should have auth links in header
[1A[2K[57/64] [Mobile Chrome] ΓÇ║ e2e\dashboard.spec.ts:99:7 ΓÇ║ Landing Page Content ΓÇ║ should navigate to login page
[1A[2K[58/64] [Mobile Chrome] ΓÇ║ e2e\dashboard.spec.ts:111:7 ΓÇ║ Landing Page Content ΓÇ║ should navigate to register page
[1A[2K[59/64] [Mobile Chrome] ΓÇ║ e2e\dashboard.spec.ts:125:7 ΓÇ║ Auth Pages ΓÇ║ login page has email and password fields
[1A[2K[60/64] [Mobile Chrome] ΓÇ║ e2e\dashboard.spec.ts:136:7 ΓÇ║ Auth Pages ΓÇ║ register page has required fields
[1A[2K[61/64] [Mobile Chrome] ΓÇ║ e2e\dashboard.spec.ts:149:7 ΓÇ║ Auth Pages ΓÇ║ login page has link to register
[1A[2K[62/64] [Mobile Chrome] ΓÇ║ e2e\dashboard.spec.ts:157:7 ΓÇ║ Auth Pages ΓÇ║ register page has link to login
[1A[2K[63/64] [Mobile Chrome] ΓÇ║ e2e\dashboard.spec.ts:165:7 ΓÇ║ Auth Pages ΓÇ║ login form accepts input
[1A[2K[64/64] [Mobile Chrome] ΓÇ║ e2e\dashboard.spec.ts:178:7 ΓÇ║ Auth Pages ΓÇ║ register form accepts input
[1A[2K  2 failed
    [webkit] ΓÇ║ e2e\dashboard.spec.ts:99:7 ΓÇ║ Landing Page Content ΓÇ║ should navigate to login page ΓöÇΓöÇΓöÇ
    [webkit] ΓÇ║ e2e\dashboard.spec.ts:111:7 ΓÇ║ Landing Page Content ΓÇ║ should navigate to register page 
  62 passed (1.1m)
